================================================================================
sample_05.rb
================================================================================
sample_05.rb:10:  3*x
sample_05.rb:11:end
