
================================================================================
!!!!! Uncovered code introduced in sample_05.rb

### sample_05.rb:1
[32;40mdef d(x)[37;40m
[31;40m  4*x[37;40m
[31;40mend[37;40m
[32;40m[37;40m
[32;40mdef a[37;40m
[32;40m  b 10[37;40m
[32;40mend[37;40m
