================================================================================
sample_05.rb
================================================================================
sample_05.rb:2:  4*x
sample_05.rb:3:end
sample_05.rb:14:  3*x
sample_05.rb:15:end
