
================================================================================
!!!!! Uncovered code introduced in sample_05.rb

### sample_05.rb:1
   def d(x)
!!   4*x
!! end
   
   def a
     b 10
   end
