================================================================================
sample_03.rb
================================================================================
sample_03.rb:15:    10.times{ g2 }
sample_03.rb:16:  end
sample_03.rb:19:  # safe from here ...
sample_03.rb:20:end end end end
================================================================================
sample_04.rb
================================================================================
